// Jest Snapshot v1, https://goo.gl/fbAQLP

exports[`Makes sure the root component renders without crashing 1`] = `[Function]`;
